probe=working_tree_canary
exit=132
denied=false
stderr=

probe=sibling_user_data
exit=132
denied=false
stderr=

probe=pearcleaner_private_state
exit=132
denied=false
stderr=

probe=metadata_write
exit=132
denied=false
stderr=

probe=project_executable_launch
exit=132
denied=false
stderr=

probe=network_access
exit=132
denied=false
stderr=

runner_sandbox_enforcement_expected=true
denied_kinds=
allowed_kinds=working_tree_canary,sibling_user_data,pearcleaner_private_state,metadata_write,project_executable_launch,network_access
